Archive member included to satisfy reference by file (symbol)

C:/ST/STM32CubeIDE_1.13.0/STM32CubeIDE/plugins/com.st.stm32cube.ide.mcu.externaltools.gnu-tools-for-stm32.11.3.rel1.win32_1.1.0.202305231506/tools/bin/../lib/gcc/arm-none-eabi/11.3.1/../../../../arm-none-eabi/lib/thumb/v7e-m+fp/hard\libc_nano.a(libc_a-exit.o)
                              C:/ST/STM32CubeIDE_1.13.0/STM32CubeIDE/plugins/com.st.stm32cube.ide.mcu.externaltools.gnu-tools-for-stm32.11.3.rel1.win32_1.1.0.202305231506/tools/bin/../lib/gcc/arm-none-eabi/11.3.1/../../../../arm-none-eabi/lib/thumb/v7e-m+fp/hard/crt0.o (exit)
C:/ST/STM32CubeIDE_1.13.0/STM32CubeIDE/plugins/com.st.stm32cube.ide.mcu.externaltools.gnu-tools-for-stm32.11.3.rel1.win32_1.1.0.202305231506/tools/bin/../lib/gcc/arm-none-eabi/11.3.1/../../../../arm-none-eabi/lib/thumb/v7e-m+fp/hard\libc_nano.a(libc_a-findfp.o)
                              C:/ST/STM32CubeIDE_1.13.0/STM32CubeIDE/plugins/com.st.stm32cube.ide.mcu.externaltools.gnu-tools-for-stm32.11.3.rel1.win32_1.1.0.202305231506/tools/bin/../lib/gcc/arm-none-eabi/11.3.1/../../../../arm-none-eabi/lib/thumb/v7e-m+fp/hard\libc_nano.a(libc_a-exit.o) (__stdio_exit_handler)
C:/ST/STM32CubeIDE_1.13.0/STM32CubeIDE/plugins/com.st.stm32cube.ide.mcu.externaltools.gnu-tools-for-stm32.11.3.rel1.win32_1.1.0.202305231506/tools/bin/../lib/gcc/arm-none-eabi/11.3.1/../../../../arm-none-eabi/lib/thumb/v7e-m+fp/hard\libc_nano.a(libc_a-fwalk.o)
                              C:/ST/STM32CubeIDE_1.13.0/STM32CubeIDE/plugins/com.st.stm32cube.ide.mcu.externaltools.gnu-tools-for-stm32.11.3.rel1.win32_1.1.0.202305231506/tools/bin/../lib/gcc/arm-none-eabi/11.3.1/../../../../arm-none-eabi/lib/thumb/v7e-m+fp/hard\libc_nano.a(libc_a-findfp.o) (_fwalk_sglue)
C:/ST/STM32CubeIDE_1.13.0/STM32CubeIDE/plugins/com.st.stm32cube.ide.mcu.externaltools.gnu-tools-for-stm32.11.3.rel1.win32_1.1.0.202305231506/tools/bin/../lib/gcc/arm-none-eabi/11.3.1/../../../../arm-none-eabi/lib/thumb/v7e-m+fp/hard\libc_nano.a(libc_a-stdio.o)
                              C:/ST/STM32CubeIDE_1.13.0/STM32CubeIDE/plugins/com.st.stm32cube.ide.mcu.externaltools.gnu-tools-for-stm32.11.3.rel1.win32_1.1.0.202305231506/tools/bin/../lib/gcc/arm-none-eabi/11.3.1/../../../../arm-none-eabi/lib/thumb/v7e-m+fp/hard\libc_nano.a(libc_a-findfp.o) (__sread)
C:/ST/STM32CubeIDE_1.13.0/STM32CubeIDE/plugins/com.st.stm32cube.ide.mcu.externaltools.gnu-tools-for-stm32.11.3.rel1.win32_1.1.0.202305231506/tools/bin/../lib/gcc/arm-none-eabi/11.3.1/../../../../arm-none-eabi/lib/thumb/v7e-m+fp/hard\libc_nano.a(libc_a-memset.o)
                              C:/ST/STM32CubeIDE_1.13.0/STM32CubeIDE/plugins/com.st.stm32cube.ide.mcu.externaltools.gnu-tools-for-stm32.11.3.rel1.win32_1.1.0.202305231506/tools/bin/../lib/gcc/arm-none-eabi/11.3.1/../../../../arm-none-eabi/lib/thumb/v7e-m+fp/hard/crt0.o (memset)
C:/ST/STM32CubeIDE_1.13.0/STM32CubeIDE/plugins/com.st.stm32cube.ide.mcu.externaltools.gnu-tools-for-stm32.11.3.rel1.win32_1.1.0.202305231506/tools/bin/../lib/gcc/arm-none-eabi/11.3.1/../../../../arm-none-eabi/lib/thumb/v7e-m+fp/hard\libc_nano.a(libc_a-closer.o)
                              C:/ST/STM32CubeIDE_1.13.0/STM32CubeIDE/plugins/com.st.stm32cube.ide.mcu.externaltools.gnu-tools-for-stm32.11.3.rel1.win32_1.1.0.202305231506/tools/bin/../lib/gcc/arm-none-eabi/11.3.1/../../../../arm-none-eabi/lib/thumb/v7e-m+fp/hard\libc_nano.a(libc_a-stdio.o) (_close_r)
C:/ST/STM32CubeIDE_1.13.0/STM32CubeIDE/plugins/com.st.stm32cube.ide.mcu.externaltools.gnu-tools-for-stm32.11.3.rel1.win32_1.1.0.202305231506/tools/bin/../lib/gcc/arm-none-eabi/11.3.1/../../../../arm-none-eabi/lib/thumb/v7e-m+fp/hard\libc_nano.a(libc_a-reent.o)
                              C:/ST/STM32CubeIDE_1.13.0/STM32CubeIDE/plugins/com.st.stm32cube.ide.mcu.externaltools.gnu-tools-for-stm32.11.3.rel1.win32_1.1.0.202305231506/tools/bin/../lib/gcc/arm-none-eabi/11.3.1/../../../../arm-none-eabi/lib/thumb/v7e-m+fp/hard\libc_nano.a(libc_a-closer.o) (errno)
C:/ST/STM32CubeIDE_1.13.0/STM32CubeIDE/plugins/com.st.stm32cube.ide.mcu.externaltools.gnu-tools-for-stm32.11.3.rel1.win32_1.1.0.202305231506/tools/bin/../lib/gcc/arm-none-eabi/11.3.1/../../../../arm-none-eabi/lib/thumb/v7e-m+fp/hard\libc_nano.a(libc_a-impure.o)
                              C:/ST/STM32CubeIDE_1.13.0/STM32CubeIDE/plugins/com.st.stm32cube.ide.mcu.externaltools.gnu-tools-for-stm32.11.3.rel1.win32_1.1.0.202305231506/tools/bin/../lib/gcc/arm-none-eabi/11.3.1/../../../../arm-none-eabi/lib/thumb/v7e-m+fp/hard\libc_nano.a(libc_a-reent.o) (_impure_ptr)
C:/ST/STM32CubeIDE_1.13.0/STM32CubeIDE/plugins/com.st.stm32cube.ide.mcu.externaltools.gnu-tools-for-stm32.11.3.rel1.win32_1.1.0.202305231506/tools/bin/../lib/gcc/arm-none-eabi/11.3.1/../../../../arm-none-eabi/lib/thumb/v7e-m+fp/hard\libc_nano.a(libc_a-lseekr.o)
[...]
Memory Configuration

Name             Origin             Length             Attributes
RAM              0x0000000020000000 0x0000000000020000 xrw
FLASH            0x0000000008000000 0x0000000000080000 xr
*default*        0x0000000000000000 0xffffffffffffffff

Linker script and memory map

LOAD C:/ST/STM32CubeIDE_1.13.0/STM32CubeIDE/plugins/com.st.stm32cube.ide.mcu.externaltools.gnu-tools-for-stm32.11.3.rel1.win32_1.1.0.202305231506/tools/bin/../lib/gcc/arm-none-eabi/11.3.1/thumb/v7e-m+fp/hard/crti.o
LOAD C:/ST/STM32CubeIDE_1.13.0/STM32CubeIDE/plugins/com.st.stm32cube.ide.mcu.externaltools.gnu-tools-for-stm32.11.3.rel1.win32_1.1.0.202305231506/tools/bin/../lib/gcc/arm-none-eabi/11.3.1/thumb/v7e-m+fp/hard/crtbegin.o
LOAD C:/ST/STM32CubeIDE_1.13.0/STM32CubeIDE/plugins/com.st.stm32cube.ide.mcu.externaltools.gnu-tools-for-stm32.11.3.rel1.win32_1.1.0.202305231506/tools/bin/../lib/gcc/arm-none-eabi/11.3.1/../../../../arm-none-eabi/lib/thumb/v7e-m+fp/hard/crt0.o
LOAD ./App/ap.o
LOAD ./App/hw/device/button.o
LOAD ./App/hw/device/buzz.o
LOAD ./App/hw/device/delay.o
LOAD ./App/hw/device/led.o
LOAD ./App/hw/device/stepper.o
LOAD ./App/hw/device/uart.o
LOAD ./App/hw/hw.o
LOAD ./Core/Src/main.o
LOAD ./Core/Src/stm32f4xx_hal_msp.o
LOAD ./Core/Src/stm32f4xx_it.o
LOAD ./Core/Src/syscalls.o
LOAD ./Core/Src/sysmem.o
LOAD ./Core/Src/system_stm32f4xx.o
LOAD ./Core/Startup/startup_stm32f411retx.o
LOAD ./Drivers/STM32F4xx_HAL_Driver/Src/stm32f4xx_hal.o
LOAD ./Drivers/STM32F4xx_HAL_Driver/Src/stm32f4xx_hal_cortex.o
LOAD ./Drivers/STM32F4xx_HAL_Driver/Src/stm32f4xx_hal_dma.o
LOAD ./Drivers/STM32F4xx_HAL_Driver/Src/stm32f4xx_hal_dma_ex.o
LOAD ./Drivers/STM32F4xx_HAL_Driver/Src/stm32f4xx_hal_exti.o
LOAD ./Drivers/STM32F4xx_HAL_Driver/Src/stm32f4xx_hal_flash.o
LOAD ./Drivers/STM32F4xx_HAL_Driver/Src/stm32f4xx_hal_flash_ex.o
LOAD ./Drivers/STM32F4xx_HAL_Driver/Src/stm32f4xx_hal_flash_ramfunc.o
LOAD ./Drivers/STM32F4xx_HAL_Driver/Src/stm32f4xx_hal_gpio.o
LOAD ./Drivers/STM32F4xx_HAL_Driver/Src/stm32f4xx_hal_pwr.o
LOAD ./Drivers/STM32F4xx_HAL_Driver/Src/stm32f4xx_hal_pwr_ex.o
LOAD ./Drivers/STM32F4xx_HAL_Driver/Src/stm32f4xx_hal_rcc.o
LOAD ./Drivers/STM32F4xx_HAL_Driver/Src/stm32f4xx_hal_rcc_ex.o
LOAD ./Drivers/STM32F4xx_HAL_Driver/Src/stm32f4xx_hal_tim.o
LOAD ./Drivers/STM32F4xx_HAL_Driver/Src/stm32f4xx_hal_tim_ex.o
LOAD ./Drivers/STM32F4xx_HAL_Driver/Src/stm32f4xx_hal_uart.o
START GROUP
LOAD C:/ST/STM32CubeIDE_1.13.0/STM32CubeIDE/plugins/com.st.stm32cube.ide.mcu.externaltools.gnu-tools-for-stm32.11.3.rel1.win32_1.1.0.202305231506/tools/bin/../lib/gcc/arm-none-eabi/11.3.1/../../../../arm-none-eabi/lib/thumb/v7e-m+fp/hard\libc_nano.a
LOAD C:/ST/STM32CubeIDE_1.13.0/STM32CubeIDE/plugins/com.st.stm32cube.ide.mcu.externaltools.gnu-tools-for-stm32.11.3.rel1.win32_1.1.0.202305231506/tools/bin/../lib/gcc/arm-none-eabi/11.3.1/../../../../arm-none-eabi/lib/thumb/v7e-m+fp/hard\libm.a
END GROUP
START GROUP
LOAD C:/ST/STM32CubeIDE_1.13.0/STM32CubeIDE/plugins/com.st.stm32cube.ide.mcu.externaltools.gnu-tools-for-stm32.11.3.rel1.win32_1.1.0.202305231506/tools/bin/../lib/gcc/arm-none-eabi/11.3.1/thumb/v7e-m+fp/hard\libgcc.a
LOAD C:/ST/STM32CubeIDE_1.13.0/STM32CubeIDE/plugins/com.st.stm32cube.ide.mcu.externaltools.gnu-tools-for-stm32.11.3.rel1.win32_1.1.0.202305231506/tools/bin/../lib/gcc/arm-none-eabi/11.3.1/../../../../arm-none-eabi/lib/thumb/v7e-m+fp/hard\libc_nano.a
END GROUP
START GROUP
LOAD C:/ST/STM32CubeIDE_1.13.0/STM32CubeIDE/plugins/com.st.stm32cube.ide.mcu.externaltools.gnu-tools-for-stm32.11.3.rel1.win32_1.1.0.202305231506/tools/bin/../lib/gcc/arm-none-eabi/11.3.1/thumb/v7e-m+fp/hard\libgcc.a
LOAD C:/ST/STM32CubeIDE_1.13.0/STM32CubeIDE/plugins/com.st.stm32cube.ide.mcu.externaltools.gnu-tools-for-stm32.11.3.rel1.win32_1.1.0.202305231506/tools/bin/../lib/gcc/arm-none-eabi/11.3.1/../../../../arm-none-eabi/lib/thumb/v7e-m+fp/hard\libc_nano.a
LOAD C:/ST/STM32CubeIDE_1.13.0/STM32CubeIDE/plugins/com.st.stm32cube.ide.mcu.externaltools.gnu-tools-for-stm32.11.3.rel1.win32_1.1.0.202305231506/tools/bin/../lib/gcc/arm-none-eabi/11.3.1/../../../../arm-none-eabi/lib/thumb/v7e-m+fp/hard\libnosys.a
END GROUP
START GROUP
LOAD C:/ST/STM32CubeIDE_1.13.0/STM32CubeIDE/plugins/com.st.stm32cube.ide.mcu.externaltools.gnu-tools-for-stm32.11.3.rel1.win32_1.1.0.202305231506/tools/bin/../lib/gcc/arm-none-eabi/11.3.1/thumb/v7e-m+fp/hard\libgcc.a
LOAD C:/ST/STM32CubeIDE_1.13.0/STM32CubeIDE/plugins/com.st.stm32cube.ide.mcu.externaltools.gnu-tools-for-stm32.11.3.rel1.win32_1.1.0.202305231506/tools/bin/../lib/gcc/arm-none-eabi/11.3.1/../../../../arm-none-eabi/lib/thumb/v7e-m+fp/hard\libc_nano.a
LOAD C:/ST/STM32CubeIDE_1.13.0/STM32CubeIDE/plugins/com.st.stm32cube.ide.mcu.externaltools.gnu-tools-for-stm32.11.3.rel1.win32_1.1.0.202305231506/tools/bin/../lib/gcc/arm-none-eabi/11.3.1/../../../../arm-none-eabi/lib/thumb/v7e-m+fp/hard\libnosys.a
END GROUP
LOAD C:/ST/STM32CubeIDE_1.13.0/STM32CubeIDE/plugins/com.st.stm32cube.ide.mcu.externaltools.gnu-tools-for-stm32.11.3.rel1.win32_1.1.0.202305231506/tools/bin/../lib/gcc/arm-none-eabi/11.3.1/thumb/v7e-m+fp/hard/crtend.o
LOAD C:/ST/STM32CubeIDE_1.13.0/STM32CubeIDE/plugins/com.st.stm32cube.ide.mcu.externaltools.gnu-tools-for-stm32.11.3.rel1.win32_1.1.0.202305231506/tools/bin/../lib/gcc/arm-none-eabi/11.3.1/thumb/v7e-m+fp/hard/crtn.o
                0x0000000020020000                _estack = (ORIGIN (RAM) + LENGTH (RAM))
                0x0000000000000200                _Min_Heap_Size = 0x200
                0x0000000000000400                _Min_Stack_Size = 0x400

.isr_vector     0x0000000008000000      0x198
                0x0000000008000000                . = ALIGN (0x4)
 *(.isr_vector)
 .isr_vector    0x0000000008000000      0x198 ./Core/Startup/startup_stm32f411retx.o
                0x0000000008000000                g_pfnVectors
                0x0000000008000198                . = ALIGN (0x4)

.text           0x0000000008000198     0x476c
                0x0000000008000198                . = ALIGN (0x4)
 *(.text)
 .text          0x0000000008000198       0x40 C:/ST/STM32CubeIDE_1.13.0/STM32CubeIDE/plugins/com.st.stm32cube.ide.mcu.externaltools.gnu-tools-for-stm32.11.3.rel1.win32_1.1.0.202305231506/tools/bin/../lib/gcc/arm-none-eabi/11.3.1/thumb/v7e-m+fp/hard/crtbegin.o
 .text          0x00000000080001d8       0x30 C:/ST/STM32CubeIDE_1.13.0/STM32CubeIDE/plugins/com.st.stm32cube.ide.mcu.externaltools.gnu-tools-for-stm32.11.3.rel1.win32_1.1.0.202305231506/tools/bin/../lib/gcc/arm-none-eabi/11.3.1/thumb/v7e-m+fp/hard\libgcc.a(_aeabi_uldivmod.o)
                0x00000000080001d8                __aeabi_uldivmod
 .text          0x0000000008000208      0x2c8 C:/ST/STM32CubeIDE_1.13.0/STM32CubeIDE/plugins/com.st.stm32cube.ide.mcu.externaltools.gnu-tools-for-stm32.11.3.rel1.win32_1.1.0.202305231506/tools/bin/../lib/gcc/arm-none-eabi/11.3.1/thumb/v7e-m+fp/hard\libgcc.a(_udivmoddi4.o)
                0x0000000008000208                __udivmoddi4
 .text          0x00000000080004d0        0x4 C:/ST/STM32CubeIDE_1.13.0/STM32CubeIDE/plugins/com.st.stm32cube.ide.mcu.externaltools.gnu-tools-for-stm32.11.3.rel1.win32_1.1.0.202305231506/tools/bin/../lib/gcc/arm-none-eabi/11.3.1/thumb/v7e-m+fp/hard\libgcc.a(_dvmd_tls.o)
                0x00000000080004d0                __aeabi_idiv0
                0x00000000080004d0                __aeabi_ldiv0
 *(.text*)
 .text.apInit   0x00000000080004d4        0xc ./App/ap.o
                0x00000000080004d4                apInit
 .text.HAL_GPIO_EXTI_Callback
                0x00000000080004e0      0x4ec ./App/ap.o
                0x00000000080004e0                HAL_GPIO_EXTI_Callback
 .text.apMain   0x00000000080009cc      0x364 ./App/ap.o
                0x00000000080009cc                apMain
 .text.buttonInit
                0x0000000008000d30       0x18 ./App/hw/device/button.o
                0x0000000008000d30                buttonInit
 .text.buttonGetPressed
                0x0000000008000d48       0x88 ./App/hw/device/button.o
                0x0000000008000d48                buttonGetPressed
 .text.servo_test
                0x0000000008000dd0       0x20 ./App/hw/device/buzz.o
                0x0000000008000dd0                servo_test
 .text.Servo_Start
                0x0000000008000df0       0x14 ./App/hw/device/buzz.o
                0x0000000008000df0                Servo_Start
 .text.Servo_Stop
                0x0000000008000e04       0x14 ./App/hw/device/buzz.o
                0x0000000008000e04                Servo_Stop
 .text.delay_us
                0x0000000008000e18       0x38 ./App/hw/device/delay.o
                0x0000000008000e18                delay_us
 .text.ledInit  0x0000000008000e50       0x18 ./App/hw/device/led.o
                0x0000000008000e50                ledInit
 .text.led_1_On
                0x0000000008000e68       0x6c ./App/hw/device/led.o
                0x0000000008000e68                led_1_On
 .text.led_2_On
                0x0000000008000ed4       0x6c ./App/hw/device/led.o
                0x0000000008000ed4                led_2_On
 .text.led_3_On
                0x0000000008000f40       0x6c ./App/hw/device/led.o
                0x0000000008000f40                led_3_On
 .text.stepMoter
                0x0000000008000fac       0x6c ./App/hw/device/stepper.o
                0x0000000008000fac                stepMoter
 .text.rotateSteps
                0x0000000008001018       0x64 ./App/hw/device/stepper.o
                0x0000000008001018                rotateSteps
 .text.rotateDegrees
                0x000000000800107c       0x38 ./App/hw/device/stepper.o
                0x000000000800107c                rotateDegrees
 .text.HAL_UART_RxCpltCallback
                0x00000000080010b4       0x14 ./App/hw/device/uart.o
                0x00000000080010b4                HAL_UART_RxCpltCallback
 .text.hwInit   0x00000000080010c8       0x10 ./App/hw/hw.o
                0x00000000080010c8                hwInit
 .text.delay    0x00000000080010d8       0x16 ./App/hw/hw.o
                0x00000000080010d8                delay
 .text.millis   0x00000000080010ee       0x16 ./App/hw/hw.o
                0x00000000080010ee                millis
 .text.main     0x0000000008001104       0x2a ./Core/Src/main.o
                0x0000000008001104                main
 *fill*         0x000000000800112e        0x2 
 .text.SystemClock_Config
                0x0000000008001130       0xd0 ./Core/Src/main.o
                0x0000000008001130                SystemClock_Config
 .text.MX_TIM3_Init
                0x0000000008001200       0xb4 ./Core/Src/main.o
 .text.MX_TIM10_Init
                0x00000000080012b4       0x48 ./Core/Src/main.o
 .text.MX_TIM11_Init
                0x00000000080012fc       0x48 ./Core/Src/main.o
 .text.MX_USART2_UART_Init
                0x0000000008001344       0x54 ./Core/Src/main.o
 .text.MX_GPIO_Init
                0x0000000008001398      0x1c0 ./Core/Src/main.o
 .text.Error_Handler
                0x0000000008001558        0xa ./Core/Src/main.o
                0x0000000008001558                Error_Handler
 *fill*         0x0000000008001562        0x2 
 .text.HAL_MspInit
                0x0000000008001564       0x50 ./Core/Src/stm32f4xx_hal_msp.o
                0x0000000008001564                HAL_MspInit
 .text.HAL_TIM_PWM_MspInit
                0x00000000080015b4       0x50 ./Core/Src/stm32f4xx_hal_msp.o
                0x00000000080015b4                HAL_TIM_PWM_MspInit
 .text.HAL_TIM_Base_MspInit
                0x0000000008001604       0x8c ./Core/Src/stm32f4xx_hal_msp.o
                0x0000000008001604                HAL_TIM_Base_MspInit
 .text.HAL_TIM_MspPostInit
                0x0000000008001690       0x74 ./Core/Src/stm32f4xx_hal_msp.o
                0x0000000008001690                HAL_TIM_MspPostInit
 .text.HAL_UART_MspInit
                0x0000000008001704       0xa0 ./Core/Src/stm32f4xx_hal_msp.o
                0x0000000008001704                HAL_UART_MspInit
 .text.NMI_Handler
                0x00000000080017a4        0x6 ./Core/Src/stm32f4xx_it.o
                0x00000000080017a4                NMI_Handler
 .text.HardFault_Handler
                0x00000000080017aa        0x6 ./Core/Src/stm32f4xx_it.o
                0x00000000080017aa                HardFault_Handler
 .text.MemManage_Handler
                0x00000000080017b0        0x6 ./Core/Src/stm32f4xx_it.o
                0x00000000080017b0                MemManage_Handler
 .text.BusFault_Handler
                0x00000000080017b6        0x6 ./Core/Src/stm32f4xx_it.o
                0x00000000080017b6                BusFault_Handler
 .text.UsageFault_Handler
                0x00000000080017bc        0x6 ./Core/Src/stm32f4xx_it.o
                0x00000000080017bc                UsageFault_Handler
 .text.SVC_Handler
                0x00000000080017c2        0xe ./Core/Src/stm32f4xx_it.o
                0x00000000080017c2                SVC_Handler
 .text.DebugMon_Handler
                0x00000000080017d0        0xe ./Core/Src/stm32f4xx_it.o
                0x00000000080017d0                DebugMon_Handler
 .text.PendSV_Handler
                0x00000000080017de        0xe ./Core/Src/stm32f4xx_it.o
                0x00000000080017de                PendSV_Handler
 .text.SysTick_Handler
                0x00000000080017ec        0xc ./Core/Src/stm32f4xx_it.o
                0x00000000080017ec                SysTick_Handler
 .text.EXTI9_5_IRQHandler
                0x00000000080017f8        0xe ./Core/Src/stm32f4xx_it.o
                0x00000000080017f8                EXTI9_5_IRQHandler
 *fill*         0x0000000008001806        0x2 
 .text.TIM1_UP_TIM10_IRQHandler
                0x0000000008001808       0x14 ./Core/Src/stm32f4xx_it.o
                0x0000000008001808                TIM1_UP_TIM10_IRQHandler
 .text.TIM1_TRG_COM_TIM11_IRQHandler
                0x000000000800181c       0x14 ./Core/Src/stm32f4xx_it.o
                0x000000000800181c                TIM1_TRG_COM_TIM11_IRQHandler
 .text.TIM3_IRQHandler
                0x0000000008001830       0x14 ./Core/Src/stm32f4xx_it.o
                0x0000000008001830                TIM3_IRQHandler
 .text.USART2_IRQHandler
                0x0000000008001844       0x14 ./Core/Src/stm32f4xx_it.o
                0x0000000008001844                USART2_IRQHandler
 .text.EXTI15_10_IRQHandler
                0x0000000008001858       0x20 ./Core/Src/stm32f4xx_it.o
                0x0000000008001858                EXTI15_10_IRQHandler
 .text.SystemInit
                0x0000000008001878       0x24 ./Core/Src/system_stm32f4xx.o
                0x0000000008001878                SystemInit
 .text.Reset_Handler
                0x000000000800189c       0x50 ./Core/Startup/startup_stm32f411retx.o
                0x000000000800189c                Reset_Handler
 .text.Default_Handler
                0x00000000080018ec        0x2 ./Core/Startup/startup_stm32f411retx.o
                0x00000000080018ec                RTC_Alarm_IRQHandler
                0x00000000080018ec                EXTI2_IRQHandler
                0x00000000080018ec                SPI4_IRQHandler
                0x00000000080018ec                TIM1_CC_IRQHandler
                0x00000000080018ec                DMA2_Stream5_IRQHandler
                0x00000000080018ec                DMA1_Stream5_IRQHandler
                0x00000000080018ec                PVD_IRQHandler
                0x00000000080018ec                SDIO_IRQHandler
                0x00000000080018ec                TAMP_STAMP_IRQHandler
                0x00000000080018ec                EXTI3_IRQHandler
                0x00000000080018ec                I2C3_ER_IRQHandler
                0x00000000080018ec                EXTI0_IRQHandler
                0x00000000080018ec                I2C2_EV_IRQHandler
                0x00000000080018ec                DMA1_Stream2_IRQHandler
                0x00000000080018ec                FPU_IRQHandler
                0x00000000080018ec                DMA2_Stream2_IRQHandler
                0x00000000080018ec                SPI1_IRQHandler
                0x00000000080018ec                TIM1_BRK_TIM9_IRQHandler
                0x00000000080018ec                DMA2_Stream3_IRQHandler
                0x00000000080018ec                USART6_IRQHandler
                0x00000000080018ec                DMA2_Stream0_IRQHandler
                0x00000000080018ec                TIM4_IRQHandler
                0x00000000080018ec                I2C1_EV_IRQHandler
                0x00000000080018ec                DMA1_Stream6_IRQHandler
                0x00000000080018ec                DMA1_Stream1_IRQHandler
                0x00000000080018ec                RCC_IRQHandler
                0x00000000080018ec                Default_Handler
                0x00000000080018ec                ADC_IRQHandler
                0x00000000080018ec                DMA1_Stream7_IRQHandler
                0x00000000080018ec                SPI5_IRQHandler
                0x00000000080018ec                TIM5_IRQHandler
                0x00000000080018ec                DMA2_Stream7_IRQHandler
                0x00000000080018ec                I2C3_EV_IRQHandler
                0x00000000080018ec                RTC_WKUP_IRQHandler
                0x00000000080018ec                SPI2_IRQHandler
                0x00000000080018ec                DMA1_Stream0_IRQHandler
                0x00000000080018ec                EXTI4_IRQHandler
                0x00000000080018ec                WWDG_IRQHandler
                0x00000000080018ec                TIM2_IRQHandler
                0x00000000080018ec                OTG_FS_WKUP_IRQHandler
                0x00000000080018ec                EXTI1_IRQHandler
                0x00000000080018ec                I2C2_ER_IRQHandler
                0x00000000080018ec                DMA2_Stream1_IRQHandler
                0x00000000080018ec                FLASH_IRQHandler
                0x00000000080018ec                DMA2_Stream4_IRQHandler
                0x00000000080018ec                USART1_IRQHandler
                0x00000000080018ec                OTG_FS_IRQHandler
                0x00000000080018ec                SPI3_IRQHandler
                0x00000000080018ec                DMA1_Stream4_IRQHandler
                0x00000000080018ec                I2C1_ER_IRQHandler
                0x00000000080018ec                DMA2_Stream6_IRQHandler
                0x00000000080018ec                DMA1_Stream3_IRQHandler
 *fill*         0x00000000080018ee        0x2 
 .text.HAL_Init
                0x00000000080018f0       0x44 ./Drivers/STM32F4xx_HAL_Driver/Src/stm32f4xx_hal.o
                0x00000000080018f0                HAL_Init
 .text.HAL_InitTick
                0x0000000008001934       0x60 ./Drivers/STM32F4xx_HAL_Driver/Src/stm32f4xx_hal.o
                0x0000000008001934                HAL_InitTick
 .text.HAL_IncTick
                0x0000000008001994       0x28 ./Drivers/STM32F4xx_HAL_Driver/Src/stm32f4xx_hal.o
                0x0000000008001994                HAL_IncTick
 .text.HAL_GetTick
                0x00000000080019bc       0x18 ./Drivers/STM32F4xx_HAL_Driver/Src/stm32f4xx_hal.o
                0x00000000080019bc                HAL_GetTick
 .text.HAL_Delay
                0x00000000080019d4       0x48 ./Drivers/STM32F4xx_HAL_Driver/Src/stm32f4xx_hal.o
                0x00000000080019d4                HAL_Delay
 .text.__NVIC_SetPriorityGrouping
                0x0000000008001a1c       0x48 ./Drivers/STM32F4xx_HAL_Driver/Src/stm32f4xx_hal_cortex.o
 .text.__NVIC_GetPriorityGrouping
                0x0000000008001a64       0x1c ./Drivers/STM32F4xx_HAL_Driver/Src/stm32f4xx_hal_cortex.o
 .text.__NVIC_EnableIRQ
                0x0000000008001a80       0x3c ./Drivers/STM32F4xx_HAL_Driver/Src/stm32f4xx_hal_cortex.o
 .text.__NVIC_SetPriority
                0x0000000008001abc       0x54 ./Drivers/STM32F4xx_HAL_Driver/Src/stm32f4xx_hal_cortex.o
 .text.NVIC_EncodePriority
                0x0000000008001b10       0x66 ./Drivers/STM32F4xx_HAL_Driver/Src/stm32f4xx_hal_cortex.o
 *fill*         0x0000000008001b76        0x2 
 .text.SysTick_Config
                0x0000000008001b78       0x44 ./Drivers/STM32F4xx_HAL_Driver/Src/stm32f4xx_hal_cortex.o
 .text.HAL_NVIC_SetPriorityGrouping
                0x0000000008001bbc       0x16 ./Drivers/STM32F4xx_HAL_Driver/Src/stm32f4xx_hal_cortex.o
                0x0000000008001bbc                HAL_NVIC_SetPriorityGrouping
 .text.HAL_NVIC_SetPriority
                0x0000000008001bd2       0x38 ./Drivers/STM32F4xx_HAL_Driver/Src/stm32f4xx_hal_cortex.o
                0x0000000008001bd2                HAL_NVIC_SetPriority
 .text.HAL_NVIC_EnableIRQ
                0x0000000008001c0a       0x1c ./Drivers/STM32F4xx_HAL_Driver/Src/stm32f4xx_hal_cortex.o
                0x0000000008001c0a                HAL_NVIC_EnableIRQ
 .text.HAL_SYSTICK_Config
                0x0000000008001c26       0x18 ./Drivers/STM32F4xx_HAL_Driver/Src/stm32f4xx_hal_cortex.o
                0x0000000008001c26                HAL_SYSTICK_Config
 .text.HAL_DMA_Abort
                0x0000000008001c3e       0xe0 ./Drivers/STM32F4xx_HAL_Driver/Src/stm32f4xx_hal_dma.o
                0x0000000008001c3e                HAL_DMA_Abort
 .text.HAL_DMA_Abort_IT
                0x0000000008001d1e       0x44 ./Drivers/STM32F4xx_HAL_Driver/Src/stm32f4xx_hal_dma.o
                0x0000000008001d1e                HAL_DMA_Abort_IT
 *fill*         0x0000000008001d62        0x2 
 .text.HAL_GPIO_Init
                0x0000000008001d64      0x308 ./Drivers/STM32F4xx_HAL_Driver/Src/stm32f4xx_hal_gpio.o
                0x0000000008001d64                HAL_GPIO_Init
 .text.HAL_GPIO_ReadPin
                0x000000000800206c       0x30 ./Drivers/STM32F4xx_HAL_Driver/Src/stm32f4xx_hal_gpio.o
                0x000000000800206c                HAL_GPIO_ReadPin
 .text.HAL_GPIO_WritePin
                0x000000000800209c       0x32 ./Drivers/STM32F4xx_HAL_Driver/Src/stm32f4xx_hal_gpio.o
                0x000000000800209c                HAL_GPIO_WritePin
 *fill*         0x00000000080020ce        0x2 
 .text.HAL_GPIO_EXTI_IRQHandler
                0x00000000080020d0       0x30 ./Drivers/STM32F4xx_HAL_Driver/Src/stm32f4xx_hal_gpio.o
                0x00000000080020d0                HAL_GPIO_EXTI_IRQHandler
 .text.HAL_RCC_OscConfig
                0x0000000008002100      0x4f0 ./Drivers/STM32F4xx_HAL_Driver/Src/stm32f4xx_hal_rcc.o
                0x0000000008002100                HAL_RCC_OscConfig
 .text.HAL_RCC_ClockConfig
                0x00000000080025f0      0x1cc ./Drivers/STM32F4xx_HAL_Driver/Src/stm32f4xx_hal_rcc.o
                0x00000000080025f0                HAL_RCC_ClockConfig
 .text.HAL_RCC_GetSysClockFreq
                0x00000000080027bc      0x20c ./Drivers/STM32F4xx_HAL_Driver/Src/stm32f4xx_hal_rcc.o
                0x00000000080027bc                HAL_RCC_GetSysClockFreq
 .text.HAL_RCC_GetHCLKFreq
                0x00000000080029c8       0x18 ./Drivers/STM32F4xx_HAL_Driver/Src/stm32f4xx_hal_rcc.o
                0x00000000080029c8                HAL_RCC_GetHCLKFreq
 .text.HAL_RCC_GetPCLK1Freq
                0x00000000080029e0       0x28 ./Drivers/STM32F4xx_HAL_Driver/Src/stm32f4xx_hal_rcc.o
                0x00000000080029e0                HAL_RCC_GetPCLK1Freq
 .text.HAL_RCC_GetPCLK2Freq
                0x0000000008002a08       0x28 ./Drivers/STM32F4xx_HAL_Driver/Src/stm32f4xx_hal_rcc.o
                0x0000000008002a08                HAL_RCC_GetPCLK2Freq
 .text.HAL_TIM_Base_Init
                0x0000000008002a30       0x9e ./Drivers/STM32F4xx_HAL_Driver/Src/stm32f4xx_hal_tim.o
                0x0000000008002a30                HAL_TIM_Base_Init
 *fill*         0x0000000008002ace        0x2 
 .text.HAL_TIM_Base_Start
                0x0000000008002ad0       0xb4 ./Drivers/STM32F4xx_HAL_Driver/Src/stm32f4xx_hal_tim.o
                0x0000000008002ad0                HAL_TIM_Base_Start
 .text.HAL_TIM_Base_Stop
                0x0000000008002b84       0x4e ./Drivers/STM32F4xx_HAL_Driver/Src/stm32f4xx_hal_tim.o
                0x0000000008002b84                HAL_TIM_Base_Stop
 .text.HAL_TIM_PWM_Init
                0x0000000008002bd2       0x9e ./Drivers/STM32F4xx_HAL_Driver/Src/stm32f4xx_hal_tim.o
                0x0000000008002bd2                HAL_TIM_PWM_Init
 .text.HAL_TIM_PWM_Start
                0x0000000008002c70      0x160 ./Drivers/STM32F4xx_HAL_Driver/Src/stm32f4xx_hal_tim.o
                0x0000000008002c70                HAL_TIM_PWM_Start
 .text.HAL_TIM_PWM_Stop
                0x0000000008002dd0       0xc8 ./Drivers/STM32F4xx_HAL_Driver/Src/stm32f4xx_hal_tim.o
                0x0000000008002dd0                HAL_TIM_PWM_Stop
 .text.HAL_TIM_IRQHandler
                0x0000000008002e98      0x210 ./Drivers/STM32F4xx_HAL_Driver/Src/stm32f4xx_hal_tim.o
                0x0000000008002e98                HAL_TIM_IRQHandler
 .text.HAL_TIM_PWM_ConfigChannel
                0x00000000080030a8      0x184 ./Drivers/STM32F4xx_HAL_Driver/Src/stm32f4xx_hal_tim.o
                0x00000000080030a8                HAL_TIM_PWM_ConfigChannel
 .text.HAL_TIM_PeriodElapsedCallback
                0x000000000800322c       0x14 ./Drivers/STM32F4xx_HAL_Driver/Src/stm32f4xx_hal_tim.o
                0x000000000800322c                HAL_TIM_PeriodElapsedCallback
 .text.HAL_TIM_OC_DelayElapsedCallback
                0x0000000008003240       0x14 ./Drivers/STM32F4xx_HAL_Driver/Src/stm32f4xx_hal_tim.o
                0x0000000008003240                HAL_TIM_OC_DelayElapsedCallback
 .text.HAL_TIM_IC_CaptureCallback
                0x0000000008003254       0x14 ./Drivers/STM32F4xx_HAL_Driver/Src/stm32f4xx_hal_tim.o
                0x0000000008003254                HAL_TIM_IC_CaptureCallback
 .text.HAL_TIM_PWM_PulseFinishedCallback
                0x0000000008003268       0x14 ./Drivers/STM32F4xx_HAL_Driver/Src/stm32f4xx_hal_tim.o
                0x0000000008003268                HAL_TIM_PWM_PulseFinishedCallback
 .text.HAL_TIM_TriggerCallback
                0x000000000800327c       0x14 ./Drivers/STM32F4xx_HAL_Driver/Src/stm32f4xx_hal_tim.o
                0x000000000800327c                HAL_TIM_TriggerCallback
 .text.TIM_Base_SetConfig
                0x0000000008003290      0x100 ./Drivers/STM32F4xx_HAL_Driver/Src/stm32f4xx_hal_tim.o
                0x0000000008003290                TIM_Base_SetConfig
 .text.TIM_OC1_SetConfig
                0x0000000008003390       0xcc ./Drivers/STM32F4xx_HAL_Driver/Src/stm32f4xx_hal_tim.o
 .text.TIM_OC2_SetConfig
                0x000000000800345c       0xd8 ./Drivers/STM32F4xx_HAL_Driver/Src/stm32f4xx_hal_tim.o
                0x000000000800345c                TIM_OC2_SetConfig
 .text.TIM_OC3_SetConfig
                0x0000000008003534       0xd4 ./Drivers/STM32F4xx_HAL_Driver/Src/stm32f4xx_hal_tim.o
 .text.TIM_OC4_SetConfig
                0x0000000008003608       0xa0 ./Drivers/STM32F4xx_HAL_Driver/Src/stm32f4xx_hal_tim.o
 .text.TIM_CCxChannelCmd
                0x00000000080036a8       0x4a ./Drivers/STM32F4xx_HAL_Driver/Src/stm32f4xx_hal_tim.o
                0x00000000080036a8                TIM_CCxChannelCmd
 *fill*         0x00000000080036f2        0x2 
 .text.HAL_TIMEx_MasterConfigSynchronization
                0x00000000080036f4       0xdc ./Drivers/STM32F4xx_HAL_Driver/Src/stm32f4xx_hal_tim_ex.o
                0x00000000080036f4                HAL_TIMEx_MasterConfigSynchronization
 .text.HAL_TIMEx_CommutCallback
                0x00000000080037d0       0x14 ./Drivers/STM32F4xx_HAL_Driver/Src/stm32f4xx_hal_tim_ex.o
                0x00000000080037d0                HAL_TIMEx_CommutCallback
 .text.HAL_TIMEx_BreakCallback
                0x00000000080037e4       0x14 ./Drivers/STM32F4xx_HAL_Driver/Src/stm32f4xx_hal_tim_ex.o
                0x00000000080037e4                HAL_TIMEx_BreakCallback
 .text.HAL_UART_Init
                0x00000000080037f8       0x9a ./Drivers/STM32F4xx_HAL_Driver/Src/stm32f4xx_hal_uart.o
                0x00000000080037f8                HAL_UART_Init
 .text.HAL_UART_Transmit
                0x0000000008003892      0x124 ./Drivers/STM32F4xx_HAL_Driver/Src/stm32f4xx_hal_uart.o
                0x0000000008003892                HAL_UART_Transmit
 .text.HAL_UART_Transmit_IT
                0x00000000080039b6       0x8a ./Drivers/STM32F4xx_HAL_Driver/Src/stm32f4xx_hal_uart.o
                0x00000000080039b6                HAL_UART_Transmit_IT
 .text.HAL_UART_IRQHandler
                0x0000000008003a40      0x51c ./Drivers/STM32F4xx_HAL_Driver/Src/stm32f4xx_hal_uart.o
                0x0000000008003a40                HAL_UART_IRQHandler
 .text.HAL_UART_TxCpltCallback
                0x0000000008003f5c       0x14 ./Drivers/STM32F4xx_HAL_Driver/Src/stm32f4xx_hal_uart.o
                0x0000000008003f5c                HAL_UART_TxCpltCallback
 .text.HAL_UART_ErrorCallback
                0x0000000008003f70       0x14 ./Drivers/STM32F4xx_HAL_Driver/Src/stm32f4xx_hal_uart.o
                0x0000000008003f70                HAL_UART_ErrorCallback
 .text.HAL_UARTEx_RxEventCallback
                0x0000000008003f84       0x18 ./Drivers/STM32F4xx_HAL_Driver/Src/stm32f4xx_hal_uart.o
                0x0000000008003f84                HAL_UARTEx_RxEventCallback
 .text.UART_WaitOnFlagUntilTimeout
                0x0000000008003f9c       0xdc ./Drivers/STM32F4xx_HAL_Driver/Src/stm32f4xx_hal_uart.o
 .text.UART_EndRxTransfer
                0x0000000008004078       0xc6 ./Drivers/STM32F4xx_HAL_Driver/Src/stm32f4xx_hal_uart.o
 .text.UART_DMAAbortOnError
                0x000000000800413e       0x28 ./Drivers/STM32F4xx_HAL_Driver/Src/stm32f4xx_hal_uart.o
 .text.UART_Transmit_IT
                0x0000000008004166       0xa0 ./Drivers/STM32F4xx_HAL_Driver/Src/stm32f4xx_hal_uart.o
 .text.UART_EndTransmit_IT
                0x0000000008004206       0x30 ./Drivers/STM32F4xx_HAL_Driver/Src/stm32f4xx_hal_uart.o
 .text.UART_Receive_IT
                0x0000000008004236      0x176 ./Drivers/STM32F4xx_HAL_Driver/Src/stm32f4xx_hal_uart.o
 .text.UART_SetConfig
                0x00000000080043ac      0x4e8 ./Drivers/STM32F4xx_HAL_Driver/Src/stm32f4xx_hal_uart.o
 .text.memset   0x0000000008004894       0x10 C:/ST/STM32CubeIDE_1.13.0/STM32CubeIDE/plugins/com.st.stm32cube.ide.mcu.externaltools.gnu-tools-for-stm32.11.3.rel1.win32_1.1.0.202305231506/tools/bin/../lib/gcc/arm-none-eabi/11.3.1/../../../../arm-none-eabi/lib/thumb/v7e-m+fp/hard\libc_nano.a(libc_a-memset.o)
                0x0000000008004894                memset
 .text.__libc_init_array
                0x00000000080048a4       0x48 C:/ST/STM32CubeIDE_1.13.0/STM32CubeIDE/plugins/com.st.stm32cube.ide.mcu.externaltools.gnu-tools-for-stm32.11.3.rel1.win32_1.1.0.202305231506/tools/bin/../lib/gcc/arm-none-eabi/11.3.1/../../../../arm-none-eabi/lib/thumb/v7e-m+fp/hard\libc_nano.a(libc_a-init.o)
                0x00000000080048a4                __libc_init_array
 *(.glue_7)
 .glue_7        0x00000000080048ec        0x0 linker stubs
 *(.glue_7t)
 .glue_7t       0x00000000080048ec        0x0 linker stubs
 *(.eh_frame)
 .eh_frame      0x00000000080048ec        0x0 C:/ST/STM32CubeIDE_1.13.0/STM32CubeIDE/plugins/com.st.stm32cube.ide.mcu.externaltools.gnu-tools-for-stm32.11.3.rel1.win32_1.1.0.202305231506/tools/bin/../lib/gcc/arm-none-eabi/11.3.1/thumb/v7e-m+fp/hard/crtbegin.o
 *(.init)
 .init          0x00000000080048ec        0x4 C:/ST/STM32CubeIDE_1.13.0/STM32CubeIDE/plugins/com.st.stm32cube.ide.mcu.externaltools.gnu-tools-for-stm32.11.3.rel1.win32_1.1.0.202305231506/tools/bin/../lib/gcc/arm-none-eabi/11.3.1/thumb/v7e-m+fp/hard/crti.o
                0x00000000080048ec                _init
 .init          0x00000000080048f0        0x8 C:/ST/STM32CubeIDE_1.13.0/STM32CubeIDE/plugins/com.st.stm32cube.ide.mcu.externaltools.gnu-tools-for-stm32.11.3.rel1.win32_1.1.0.202305231506/tools/bin/../lib/gcc/arm-none-eabi/11.3.1/thumb/v7e-m+fp/hard/crtn.o
 *(.fini)
 .fini          0x00000000080048f8        0x4 C:/ST/STM32CubeIDE_1.13.0/STM32CubeIDE/plugins/com.st.stm32cube.ide.mcu.externaltools.gnu-tools-for-stm32.11.3.rel1.win32_1.1.0.202305231506/tools/bin/../lib/gcc/arm-none-eabi/11.3.1/thumb/v7e-m+fp/hard/crti.o
                0x00000000080048f8                _fini
 .fini          0x00000000080048fc        0x8 C:/ST/STM32CubeIDE_1.13.0/STM32CubeIDE/plugins/com.st.stm32cube.ide.mcu.externaltools.gnu-tools-for-stm32.11.3.rel1.win32_1.1.0.202305231506/tools/bin/../lib/gcc/arm-none-eabi/11.3.1/thumb/v7e-m+fp/hard/crtn.o
                0x0000000008004904                . = ALIGN (0x4)
                0x0000000008004904                _etext = .

.vfp11_veneer   0x0000000008004904        0x0
 .vfp11_veneer  0x0000000008004904        0x0 linker stubs

.v4_bx          0x0000000008004904        0x0
 .v4_bx         0x0000000008004904        0x0 linker stubs

.iplt           0x0000000008004904        0x0
 .iplt          0x0000000008004904        0x0 C:/ST/STM32CubeIDE_1.13.0/STM32CubeIDE/plugins/com.st.stm32cube.ide.mcu.externaltools.gnu-tools-for-stm32.11.3.rel1.win32_1.1.0.202305231506/tools/bin/../lib/gcc/arm-none-eabi/11.3.1/thumb/v7e-m+fp/hard/crtbegin.o

.rodata         0x0000000008004904       0x38
                0x0000000008004904                . = ALIGN (0x4)
 *(.rodata)
 *(.rodata*)
 .rodata.HALF_STEP_SEQ
                0x0000000008004904       0x20 ./App/hw/device/stepper.o
 .rodata.AHBPrescTable
                0x0000000008004924       0x10 ./Core/Src/system_stm32f4xx.o
                0x0000000008004924                AHBPrescTable
 .rodata.APBPrescTable
                0x0000000008004934        0x8 ./Core/Src/system_stm32f4xx.o
                0x0000000008004934                APBPrescTable
                0x000000000800493c                . = ALIGN (0x4)

.ARM.extab      0x000000000800493c        0x0
                0x000000000800493c                . = ALIGN (0x4)
 *(.ARM.extab* .gnu.linkonce.armextab.*)
                0x000000000800493c                . = ALIGN (0x4)

.ARM            0x000000000800493c        0x8
                0x000000000800493c                . = ALIGN (0x4)
                0x000000000800493c                __exidx_start = .
 *(.ARM.exidx*)
 .ARM.exidx     0x000000000800493c        0x8 C:/ST/STM32CubeIDE_1.13.0/STM32CubeIDE/plugins/com.st.stm32cube.ide.mcu.externaltools.gnu-tools-for-stm32.11.3.rel1.win32_1.1.0.202305231506/tools/bin/../lib/gcc/arm-none-eabi/11.3.1/thumb/v7e-m+fp/hard\libgcc.a(_udivmoddi4.o)
                0x0000000008004944                __exidx_end = .
                0x0000000008004944                . = ALIGN (0x4)

.rel.dyn        0x0000000008004944        0x0
 .rel.iplt      0x0000000008004944        0x0 C:/ST/STM32CubeIDE_1.13.0/STM32CubeIDE/plugins/com.st.stm32cube.ide.mcu.externaltools.gnu-tools-for-stm32.11.3.rel1.win32_1.1.0.202305231506/tools/bin/../lib/gcc/arm-none-eabi/11.3.1/thumb/v7e-m+fp/hard/crtbegin.o

.preinit_array  0x0000000008004944        0x0
                0x0000000008004944                . = ALIGN (0x4)
                0x0000000008004944                PROVIDE (__preinit_array_start = .)
 *(.preinit_array*)
                0x0000000008004944                PROVIDE (__preinit_array_end = .)
                0x0000000008004944                . = ALIGN (0x4)

.init_array     0x0000000008004944        0x4
                0x0000000008004944                . = ALIGN (0x4)
                0x0000000008004944                PROVIDE (__init_array_start = .)
 *(SORT_BY_NAME(.init_array.*))
 *(.init_array*)
 .init_array    0x0000000008004944        0x4 C:/ST/STM32CubeIDE_1.13.0/STM32CubeIDE/plugins/com.st.stm32cube.ide.mcu.externaltools.gnu-tools-for-stm32.11.3.rel1.win32_1.1.0.202305231506/tools/bin/../lib/gcc/arm-none-eabi/11.3.1/thumb/v7e-m+fp/hard/crtbegin.o
                0x0000000008004948                PROVIDE (__init_array_end = .)
                0x0000000008004948                . = ALIGN (0x4)

.fini_array     0x0000000008004948        0x4
                0x0000000008004948                . = ALIGN (0x4)
                [!provide]                        PROVIDE (__fini_array_start = .)
 *(SORT_BY_NAME(.fini_array.*))
 *(.fini_array*)
 .fini_array    0x0000000008004948        0x4 C:/ST/STM32CubeIDE_1.13.0/STM32CubeIDE/plugins/com.st.stm32cube.ide.mcu.externaltools.gnu-tools-for-stm32.11.3.rel1.win32_1.1.0.202305231506/tools/bin/../lib/gcc/arm-none-eabi/11.3.1/thumb/v7e-m+fp/hard/crtbegin.o
                [!provide]                        PROVIDE (__fini_array_end = .)
                0x000000000800494c                . = ALIGN (0x4)
                0x000000000800494c                _sidata = LOADADDR (.data)

.data           0x0000000020000000       0x48 load address 0x000000000800494c
                0x0000000020000000                . = ALIGN (0x4)
                0x0000000020000000                _sdata = .
 *(.data)
 *(.data*)
 .data.state_cur
                0x0000000020000000        0x1 ./App/ap.o
                0x0000000020000000                state_cur
 .data.txData   0x0000000020000001        0x1 ./App/ap.o
                0x0000000020000001                txData
 *fill*         0x0000000020000002        0x2 
 .data.button_tbl
                0x0000000020000004       0x38 ./App/hw/device/button.o
                0x0000000020000004                button_tbl
 .data.SystemCoreClock
                0x000000002000003c        0x4 ./Core/Src/system_stm32f4xx.o
                0x000000002000003c                SystemCoreClock
 .data.uwTickPrio
                0x0000000020000040        0x4 ./Drivers/STM32F4xx_HAL_Driver/Src/stm32f4xx_hal.o
                0x0000000020000040                uwTickPrio
 .data.uwTickFreq
                0x0000000020000044        0x1 ./Drivers/STM32F4xx_HAL_Driver/Src/stm32f4xx_hal.o
                0x0000000020000044                uwTickFreq
 *(.RamFunc)
 *(.RamFunc*)
                0x0000000020000048                . = ALIGN (0x4)
 *fill*         0x0000000020000045        0x3 
                0x0000000020000048                _edata = .

.igot.plt       0x0000000020000048        0x0 load address 0x0000000008004994
 .igot.plt      0x0000000020000048        0x0 C:/ST/STM32CubeIDE_1.13.0/STM32CubeIDE/plugins/com.st.stm32cube.ide.mcu.externaltools.gnu-tools-for-stm32.11.3.rel1.win32_1.1.0.202305231506/tools/bin/../lib/gcc/arm-none-eabi/11.3.1/thumb/v7e-m+fp/hard/crtbegin.o
                0x0000000020000048                . = ALIGN (0x4)

.bss            0x0000000020000048      0x144 load address 0x0000000008004994
                0x0000000020000048                _sbss = .
                0x0000000020000048                __bss_start__ = _sbss
 *(.bss)
 .bss           0x0000000020000048       0x1c C:/ST/STM32CubeIDE_1.13.0/STM32CubeIDE/plugins/com.st.stm32cube.ide.mcu.externaltools.gnu-tools-for-stm32.11.3.rel1.win32_1.1.0.202305231506/tools/bin/../lib/gcc/arm-none-eabi/11.3.1/thumb/v7e-m+fp/hard/crtbegin.o
 *(.bss*)
 .bss.i         0x0000000020000064        0x1 ./App/ap.o
                0x0000000020000064                i
 *fill*         0x0000000020000065        0x3 
 .bss.cnt0      0x0000000020000068        0x4 ./App/ap.o
                0x0000000020000068                cnt0
 .bss.htim3     0x000000002000006c       0x48 ./Core/Src/main.o
                0x000000002000006c                htim3
 .bss.htim10    0x00000000200000b4       0x48 ./Core/Src/main.o
                0x00000000200000b4                htim10
 .bss.htim11    0x00000000200000fc       0x48 ./Core/Src/main.o
                0x00000000200000fc                htim11
 .bss.huart2    0x0000000020000144       0x44 ./Core/Src/main.o
                0x0000000020000144                huart2
 .bss.uwTick    0x0000000020000188        0x4 ./Drivers/STM32F4xx_HAL_Driver/Src/stm32f4xx_hal.o
                0x0000000020000188                uwTick
 *(COMMON)
                0x000000002000018c                . = ALIGN (0x4)
                0x000000002000018c                _ebss = .
                0x000000002000018c                __bss_end__ = _ebss

._user_heap_stack
                0x000000002000018c      0x604 load address 0x0000000008004994
                0x0000000020000190                . = ALIGN (0x8)
 *fill*         0x000000002000018c        0x4 
                [!provide]                        PROVIDE (end = .)
                0x0000000020000190                PROVIDE (_end = .)
                0x0000000020000390                . = (. + _Min_Heap_Size)
 *fill*         0x0000000020000190      0x200 
                0x0000000020000790                . = (. + _Min_Stack_Size)
 *fill*         0x0000000020000390      0x400 
                0x0000000020000790                . = ALIGN (0x8)

/DISCARD/
 libc.a(*)
 libm.a(*)
 libgcc.a(*)

.ARM.attributes
                0x0000000000000000       0x30
 *(.ARM.attributes)
 .ARM.attributes
                0x0000000000000000       0x1e C:/ST/STM32CubeIDE_1.13.0/STM32CubeIDE/plugins/com.st.stm32cube.ide.mcu.externaltools.gnu-tools-for-stm32.11.3.rel1.win32_1.1.0.202305231506/tools/bin/../lib/gcc/arm-none-eabi/11.3.1/thumb/v7e-m+fp/hard/crti.o
 .ARM.attributes
                0x000000000000001e       0x34 C:/ST/STM32CubeIDE_1.13.0/STM32CubeIDE/plugins/com.st.stm32cube.ide.mcu.externaltools.gnu-tools-for-stm32.11.3.rel1.win32_1.1.0.202305231506/tools/bin/../lib/gcc/arm-none-eabi/11.3.1/thumb/v7e-m+fp/hard/crtbegin.o
 .ARM.attributes
                0x0000000000000052       0x34 ./App/ap.o
 .ARM.attributes
                0x0000000000000086       0x34 ./App/hw/device/button.o
 .ARM.attributes
                0x00000000000000ba       0x34 ./App/hw/device/buzz.o
 .ARM.attributes
                0x00000000000000ee       0x34 ./App/hw/device/delay.o
 .ARM.attributes
                0x0000000000000122       0x34 ./App/hw/device/led.o
 .ARM.attributes
                0x0000000000000156       0x34 ./App/hw/device/stepper.o
 .ARM.attributes
                0x000000000000018a       0x34 ./App/hw/device/uart.o
 .ARM.attributes
                0x00000000000001be       0x34 ./App/hw/hw.o
 .ARM.attributes
                0x00000000000001f2       0x34 ./Core/Src/main.o
 .ARM.attributes
                0x0000000000000226       0x34 ./Core/Src/stm32f4xx_hal_msp.o
 .ARM.attributes
                0x000000000000025a       0x34 ./Core/Src/stm32f4xx_it.o
 .ARM.attributes
                0x000000000000028e       0x34 ./Core/Src/system_stm32f4xx.o
 .ARM.attributes
                0x00000000000002c2       0x21 ./Core/Startup/startup_stm32f411retx.o
 .ARM.attributes
                0x00000000000002e3       0x34 ./Drivers/STM32F4xx_HAL_Driver/Src/stm32f4xx_hal.o
 .ARM.attributes
                0x0000000000000317       0x34 ./Drivers/STM32F4xx_HAL_Driver/Src/stm32f4xx_hal_cortex.o
 .ARM.attributes
                0x000000000000034b       0x34 ./Drivers/STM32F4xx_HAL_Driver/Src/stm32f4xx_hal_dma.o
 .ARM.attributes
                0x000000000000037f       0x34 ./Drivers/STM32F4xx_HAL_Driver/Src/stm32f4xx_hal_gpio.o
 .ARM.attributes
                0x00000000000003b3       0x34 ./Drivers/STM32F4xx_HAL_Driver/Src/stm32f4xx_hal_rcc.o
 .ARM.attributes
                0x00000000000003e7       0x34 ./Drivers/STM32F4xx_HAL_Driver/Src/stm32f4xx_hal_tim.o
 .ARM.attributes
                0x000000000000041b       0x34 ./Drivers/STM32F4xx_HAL_Driver/Src/stm32f4xx_hal_tim_ex.o
 .ARM.attributes
                0x000000000000044f       0x34 ./Drivers/STM32F4xx_HAL_Driver/Src/stm32f4xx_hal_uart.o
 .ARM.attributes
                0x0000000000000483       0x34 C:/ST/STM32CubeIDE_1.13.0/STM32CubeIDE/plugins/com.st.stm32cube.ide.mcu.externaltools.gnu-tools-for-stm32.11.3.rel1.win32_1.1.0.202305231506/tools/bin/../lib/gcc/arm-none-eabi/11.3.1/../../../../arm-none-eabi/lib/thumb/v7e-m+fp/hard\libc_nano.a(libc_a-memset.o)
 .ARM.attributes
                0x00000000000004b7       0x34 C:/ST/STM32CubeIDE_1.13.0/STM32CubeIDE/plugins/com.st.stm32cube.ide.mcu.externaltools.gnu-tools-for-stm32.11.3.rel1.win32_1.1.0.202305231506/tools/bin/../lib/gcc/arm-none-eabi/11.3.1/../../../../arm-none-eabi/lib/thumb/v7e-m+fp/hard\libc_nano.a(libc_a-init.o)
 .ARM.attributes
                0x00000000000004eb       0x1e C:/ST/STM32CubeIDE_1.13.0/STM32CubeIDE/plugins/com.st.stm32cube.ide.mcu.externaltools.gnu-tools-for-stm32.11.3.rel1.win32_1.1.0.202305231506/tools/bin/../lib/gcc/arm-none-eabi/11.3.1/thumb/v7e-m+fp/hard\libgcc.a(_aeabi_uldivmod.o)
 .ARM.attributes
                0x0000000000000509       0x34 C:/ST/STM32CubeIDE_1.13.0/STM32CubeIDE/plugins/com.st.stm32cube.ide.mcu.externaltools.gnu-tools-for-stm32.11.3.rel1.win32_1.1.0.202305231506/tools/bin/../lib/gcc/arm-none-eabi/11.3.1/thumb/v7e-m+fp/hard\libgcc.a(_udivmoddi4.o)
 .ARM.attributes
                0x000000000000053d       0x1e C:/ST/STM32CubeIDE_1.13.0/STM32CubeIDE/plugins/com.st.stm32cube.ide.mcu.externaltools.gnu-tools-for-stm32.11.3.rel1.win32_1.1.0.202305231506/tools/bin/../lib/gcc/arm-none-eabi/11.3.1/thumb/v7e-m+fp/hard\libgcc.a(_dvmd_tls.o)
 .ARM.attributes
                0x000000000000055b       0x1e C:/ST/STM32CubeIDE_1.13.0/STM32CubeIDE/plugins/com.st.stm32cube.ide.mcu.externaltools.gnu-tools-for-stm32.11.3.rel1.win32_1.1.0.202305231506/tools/bin/../lib/gcc/arm-none-eabi/11.3.1/thumb/v7e-m+fp/hard/crtn.o
OUTPUT(STM32F411.elf elf32-littlearm)
LOAD linker stubs
LOAD C:/ST/STM32CubeIDE_1.13.0/STM32CubeIDE/plugins/com.st.stm32cube.ide.mcu.externaltools.gnu-tools-for-stm32.11.3.rel1.win32_1.1.0.202305231506/tools/bin/../lib/gcc/arm-none-eabi/11.3.1/../../../../arm-none-eabi/lib/thumb/v7e-m+fp/hard\libc.a
LOAD C:/ST/STM32CubeIDE_1.13.0/STM32CubeIDE/plugins/com.st.stm32cube.ide.mcu.externaltools.gnu-tools-for-stm32.11.3.rel1.win32_1.1.0.202305231506/tools/bin/../lib/gcc/arm-none-eabi/11.3.1/../../../../arm-none-eabi/lib/thumb/v7e-m+fp/hard\libm.a
LOAD C:/ST/STM32CubeIDE_1.13.0/STM32CubeIDE/plugins/com.st.stm32cube.ide.mcu.externaltools.gnu-tools-for-stm32.11.3.rel1.win32_1.1.0.202305231506/tools/bin/../lib/gcc/arm-none-eabi/11.3.1/thumb/v7e-m+fp/hard\libgcc.a

.comment        0x0000000000000000       0x43
 .comment       0x0000000000000000       0x43 C:/ST/STM32CubeIDE_1.13.0/STM32CubeIDE/plugins/com.st.stm32cube.ide.mcu.externaltools.gnu-tools-for-stm32.11.3.rel1.win32_1.1.0.202305231506/tools/bin/../lib/gcc/arm-none-eabi/11.3.1/thumb/v7e-m+fp/hard/crtbegin.o
                                         0x44 (size before relaxing)
 .comment       0x0000000000000043       0x44 ./App/ap.o
 .comment       0x0000000000000043       0x44 ./App/hw/device/button.o
 .comment       0x0000000000000043       0x44 ./App/hw/device/buzz.o
 .comment       0x0000000000000043       0x44 ./App/hw/device/delay.o
 .comment       0x0000000000000043       0x44 ./App/hw/device/led.o
 .comment       0x0000000000000043       0x44 ./App/hw/device/stepper.o
 .comment       0x0000000000000043       0x44 ./App/hw/device/uart.o
 .comment       0x0000000000000043       0x44 ./App/hw/hw.o
 .comment       0x0000000000000043       0x44 ./Core/Src/main.o
 .comment       0x0000000000000043       0x44 ./Core/Src/stm32f4xx_hal_msp.o
 .comment       0x0000000000000043       0x44 ./Core/Src/stm32f4xx_it.o
 .comment       0x0000000000000043       0x44 ./Core/Src/system_stm32f4xx.o
 .comment       0x0000000000000043       0x44 ./Drivers/STM32F4xx_HAL_Driver/Src/stm32f4xx_hal.o
 .comment       0x0000000000000043       0x44 ./Drivers/STM32F4xx_HAL_Driver/Src/stm32f4xx_hal_cortex.o
 .comment       0x0000000000000043       0x44 ./Drivers/STM32F4xx_HAL_Driver/Src/stm32f4xx_hal_dma.o
 .comment       0x0000000000000043       0x44 ./Drivers/STM32F4xx_HAL_Driver/Src/stm32f4xx_hal_gpio.o
 .comment       0x0000000000000043       0x44 ./Drivers/STM32F4xx_HAL_Driver/Src/stm32f4xx_hal_rcc.o
 .comment       0x0000000000000043       0x44 ./Drivers/STM32F4xx_HAL_Driver/Src/stm32f4xx_hal_tim.o
 .comment       0x0000000000000043       0x44 ./Drivers/STM32F4xx_HAL_Driver/Src/stm32f4xx_hal_tim_ex.o
 .comment       0x0000000000000043       0x44 ./Drivers/STM32F4xx_HAL_Driver/Src/stm32f4xx_hal_uart.o

.debug_info     0x0000000000000000     0xf4df
 .debug_info    0x0000000000000000      0x8c1 ./App/ap.o
 .debug_info    0x00000000000008c1      0x2ae ./App/hw/device/button.o
 .debug_info    0x0000000000000b6f      0x76c ./App/hw/device/buzz.o
 .debug_info    0x00000000000012db      0x703 ./App/hw/device/delay.o
 .debug_info    0x00000000000019de      0x2b9 ./App/hw/device/led.o
 .debug_info    0x0000000000001c97      0x2b2 ./App/hw/device/stepper.o
 .debug_info    0x0000000000001f49      0x694 ./App/hw/device/uart.o
 .debug_info    0x00000000000025dd      0x184 ./App/hw/hw.o
 .debug_info    0x0000000000002761     0x12f1 ./Core/Src/main.o
 .debug_info    0x0000000000003a52      0xf6a ./Core/Src/stm32f4xx_hal_msp.o
 .debug_info    0x00000000000049bc      0x9d0 ./Core/Src/stm32f4xx_it.o
 .debug_info    0x000000000000538c      0x53e ./Core/Src/system_stm32f4xx.o
 .debug_info    0x00000000000058ca       0x23 ./Core/Startup/startup_stm32f411retx.o
 .debug_info    0x00000000000058ed      0x8c4 ./Drivers/STM32F4xx_HAL_Driver/Src/stm32f4xx_hal.o
 .debug_info    0x00000000000061b1      0xcb6 ./Drivers/STM32F4xx_HAL_Driver/Src/stm32f4xx_hal_cortex.o
 .debug_info    0x0000000000006e67      0x8e6 ./Drivers/STM32F4xx_HAL_Driver/Src/stm32f4xx_hal_dma.o
 .debug_info    0x000000000000774d      0x6f9 ./Drivers/STM32F4xx_HAL_Driver/Src/stm32f4xx_hal_gpio.o
 .debug_info    0x0000000000007e46      0x8f2 ./Drivers/STM32F4xx_HAL_Driver/Src/stm32f4xx_hal_rcc.o
 .debug_info    0x0000000000008738     0x2941 ./Drivers/STM32F4xx_HAL_Driver/Src/stm32f4xx_hal_tim.o
 .debug_info    0x000000000000b079     0x14a7 ./Drivers/STM32F4xx_HAL_Driver/Src/stm32f4xx_hal_tim_ex.o
 .debug_info    0x000000000000c520     0x2fbf ./Drivers/STM32F4xx_HAL_Driver/Src/stm32f4xx_hal_uart.o

.debug_abbrev   0x0000000000000000     0x298c
 .debug_abbrev  0x0000000000000000      0x298 ./App/ap.o
 .debug_abbrev  0x0000000000000298      0x196 ./App/hw/device/button.o
 .debug_abbrev  0x000000000000042e      0x1eb ./App/hw/device/buzz.o
 .debug_abbrev  0x0000000000000619      0x1a2 ./App/hw/device/delay.o
 .debug_abbrev  0x00000000000007bb      0x16c ./App/hw/device/led.o
 .debug_abbrev  0x0000000000000927      0x154 ./App/hw/device/stepper.o
 .debug_abbrev  0x0000000000000a7b      0x1c3 ./App/hw/device/uart.o
 .debug_abbrev  0x0000000000000c3e      0x111 ./App/hw/hw.o
 .debug_abbrev  0x0000000000000d4f      0x2df ./Core/Src/main.o
 .debug_abbrev  0x000000000000102e      0x20a ./Core/Src/stm32f4xx_hal_msp.o
 .debug_abbrev  0x0000000000001238      0x1df ./Core/Src/stm32f4xx_it.o
 .debug_abbrev  0x0000000000001417      0x11a ./Core/Src/system_stm32f4xx.o
 .debug_abbrev  0x0000000000001531       0x12 ./Core/Startup/startup_stm32f411retx.o
 .debug_abbrev  0x0000000000001543      0x24b ./Drivers/STM32F4xx_HAL_Driver/Src/stm32f4xx_hal.o
 .debug_abbrev  0x000000000000178e      0x327 ./Drivers/STM32F4xx_HAL_Driver/Src/stm32f4xx_hal_cortex.o
 .debug_abbrev  0x0000000000001ab5      0x221 ./Drivers/STM32F4xx_HAL_Driver/Src/stm32f4xx_hal_dma.o
 .debug_abbrev  0x0000000000001cd6      0x1d3 ./Drivers/STM32F4xx_HAL_Driver/Src/stm32f4xx_hal_gpio.o
 .debug_abbrev  0x0000000000001ea9      0x2b5 ./Drivers/STM32F4xx_HAL_Driver/Src/stm32f4xx_hal_rcc.o
 .debug_abbrev  0x000000000000215e      0x284 ./Drivers/STM32F4xx_HAL_Driver/Src/stm32f4xx_hal_tim.o
 .debug_abbrev  0x00000000000023e2      0x28f ./Drivers/STM32F4xx_HAL_Driver/Src/stm32f4xx_hal_tim_ex.o
 .debug_abbrev  0x0000000000002671      0x31b ./Drivers/STM32F4xx_HAL_Driver/Src/stm32f4xx_hal_uart.o

.debug_aranges  0x0000000000000000      0xdd8
 .debug_aranges
                0x0000000000000000       0x30 ./App/ap.o
 .debug_aranges
                0x0000000000000030       0x28 ./App/hw/device/button.o
 .debug_aranges
                0x0000000000000058       0x40 ./App/hw/device/buzz.o
 .debug_aranges
                0x0000000000000098       0x20 ./App/hw/device/delay.o
 .debug_aranges
                0x00000000000000b8       0x40 ./App/hw/device/led.o
 .debug_aranges
                0x00000000000000f8       0x30 ./App/hw/device/stepper.o
 .debug_aranges
                0x0000000000000128       0x40 ./App/hw/device/uart.o
 .debug_aranges
                0x0000000000000168       0x30 ./App/hw/hw.o
 .debug_aranges
                0x0000000000000198       0x58 ./Core/Src/main.o
 .debug_aranges
                0x00000000000001f0       0x58 ./Core/Src/stm32f4xx_hal_msp.o
 .debug_aranges
                0x0000000000000248       0x90 ./Core/Src/stm32f4xx_it.o
 .debug_aranges
                0x00000000000002d8       0x28 ./Core/Src/system_stm32f4xx.o
 .debug_aranges
                0x0000000000000300       0x28 ./Core/Startup/startup_stm32f411retx.o
 .debug_aranges
                0x0000000000000328       0xf0 ./Drivers/STM32F4xx_HAL_Driver/Src/stm32f4xx_hal.o
 .debug_aranges
                0x0000000000000418      0x118 ./Drivers/STM32F4xx_HAL_Driver/Src/stm32f4xx_hal_cortex.o
 .debug_aranges
                0x0000000000000530       0x90 ./Drivers/STM32F4xx_HAL_Driver/Src/stm32f4xx_hal_dma.o
 .debug_aranges
                0x00000000000005c0       0x58 ./Drivers/STM32F4xx_HAL_Driver/Src/stm32f4xx_hal_gpio.o
 .debug_aranges
                0x0000000000000618       0x88 ./Drivers/STM32F4xx_HAL_Driver/Src/stm32f4xx_hal_rcc.o
 .debug_aranges
                0x00000000000006a0      0x3d0 ./Drivers/STM32F4xx_HAL_Driver/Src/stm32f4xx_hal_tim.o
 .debug_aranges
                0x0000000000000a70      0x168 ./Drivers/STM32F4xx_HAL_Driver/Src/stm32f4xx_hal_tim_ex.o
 .debug_aranges
                0x0000000000000bd8      0x200 ./Drivers/STM32F4xx_HAL_Driver/Src/stm32f4xx_hal_uart.o

.debug_rnglists
                0x0000000000000000      0xaae
 .debug_rnglists
                0x0000000000000000       0x21 ./App/ap.o
 .debug_rnglists
                0x0000000000000021       0x1a ./App/hw/device/button.o
 .debug_rnglists
                0x000000000000003b       0x2b ./App/hw/device/buzz.o
 .debug_rnglists
                0x0000000000000066       0x13 ./App/hw/device/delay.o
 .debug_rnglists
                0x0000000000000079       0x2b ./App/hw/device/led.o
 .debug_rnglists
                0x00000000000000a4       0x1f ./App/hw/device/stepper.o
 .debug_rnglists
                0x00000000000000c3       0x2b ./App/hw/device/uart.o
 .debug_rnglists
                0x00000000000000ee       0x1f ./App/hw/hw.o
 .debug_rnglists
                0x000000000000010d       0x40 ./Core/Src/main.o
 .debug_rnglists
                0x000000000000014d       0x3f ./Core/Src/stm32f4xx_hal_msp.o
 .debug_rnglists
                0x000000000000018c       0x67 ./Core/Src/stm32f4xx_it.o
 .debug_rnglists
                0x00000000000001f3       0x1a ./Core/Src/system_stm32f4xx.o
 .debug_rnglists
                0x000000000000020d       0x19 ./Core/Startup/startup_stm32f411retx.o
 .debug_rnglists
                0x0000000000000226       0xaf ./Drivers/STM32F4xx_HAL_Driver/Src/stm32f4xx_hal.o
 .debug_rnglists
                0x00000000000002d5       0xce ./Drivers/STM32F4xx_HAL_Driver/Src/stm32f4xx_hal_cortex.o
 .debug_rnglists
                0x00000000000003a3       0x70 ./Drivers/STM32F4xx_HAL_Driver/Src/stm32f4xx_hal_dma.o
 .debug_rnglists
                0x0000000000000413       0x3f ./Drivers/STM32F4xx_HAL_Driver/Src/stm32f4xx_hal_gpio.o
 .debug_rnglists
                0x0000000000000452       0x66 ./Drivers/STM32F4xx_HAL_Driver/Src/stm32f4xx_hal_rcc.o
 .debug_rnglists
                0x00000000000004b8      0x31a ./Drivers/STM32F4xx_HAL_Driver/Src/stm32f4xx_hal_tim.o
 .debug_rnglists
                0x00000000000007d2      0x125 ./Drivers/STM32F4xx_HAL_Driver/Src/stm32f4xx_hal_tim_ex.o
 .debug_rnglists
                0x00000000000008f7      0x1b7 ./Drivers/STM32F4xx_HAL_Driver/Src/stm32f4xx_hal_uart.o

.debug_macro    0x0000000000000000    0x17e9a
 .debug_macro   0x0000000000000000      0x329 ./App/ap.o
 .debug_macro   0x0000000000000329      0xaa8 ./App/ap.o
 .debug_macro   0x0000000000000dd1       0x22 ./App/ap.o
 .debug_macro   0x0000000000000df3       0x5b ./App/ap.o
 .debug_macro   0x0000000000000e4e       0x2a ./App/ap.o
 .debug_macro   0x0000000000000e78       0x94 ./App/ap.o
 .debug_macro   0x0000000000000f0c       0x43 ./App/ap.o
 .debug_macro   0x0000000000000f4f       0x34 ./App/ap.o
 .debug_macro   0x0000000000000f83       0x16 ./App/ap.o
 .debug_macro   0x0000000000000f99       0x57 ./App/ap.o
 .debug_macro   0x0000000000000ff0       0x97 ./App/ap.o
 .debug_macro   0x0000000000001087      0x369 ./App/ap.o
 .debug_macro   0x00000000000013f0       0xfd ./App/ap.o
 .debug_macro   0x00000000000014ed       0x10 ./App/ap.o
 .debug_macro   0x00000000000014fd       0x16 ./App/ap.o
 .debug_macro   0x0000000000001513       0x43 ./App/ap.o
 .debug_macro   0x0000000000001556       0x34 ./App/ap.o
 .debug_macro   0x000000000000158a       0x10 ./App/ap.o
 .debug_macro   0x000000000000159a       0x58 ./App/ap.o
 .debug_macro   0x00000000000015f2       0x8e ./App/ap.o
 .debug_macro   0x0000000000001680       0x1c ./App/ap.o
 .debug_macro   0x000000000000169c      0x177 ./App/ap.o
 .debug_macro   0x0000000000001813       0x16 ./App/ap.o
 .debug_macro   0x0000000000001829       0x16 ./App/ap.o
 .debug_macro   0x000000000000183f      0x147 ./App/ap.o
 .debug_macro   0x0000000000001986      0x103 ./App/ap.o
 .debug_macro   0x0000000000001a89       0x6a ./App/ap.o
 .debug_macro   0x0000000000001af3      0x1df ./App/ap.o
 .debug_macro   0x0000000000001cd2       0x22 ./App/ap.o
 .debug_macro   0x0000000000001cf4      0x29b ./App/ap.o
 .debug_macro   0x0000000000001f8f       0x2e ./App/ap.o
 .debug_macro   0x0000000000001fbd       0x28 ./App/ap.o
 .debug_macro   0x0000000000001fe5       0x1c ./App/ap.o
 .debug_macro   0x0000000000002001       0x22 ./App/ap.o
 .debug_macro   0x0000000000002023       0xd9 ./App/ap.o
 .debug_macro   0x00000000000020fc     0x102d ./App/ap.o
 .debug_macro   0x0000000000003129      0x11f ./App/ap.o
 .debug_macro   0x0000000000003248     0xb953 ./App/ap.o
 .debug_macro   0x000000000000eb9b       0x6d ./App/ap.o
 .debug_macro   0x000000000000ec08     0x367e ./App/ap.o
 .debug_macro   0x0000000000012286       0x56 ./App/ap.o
 .debug_macro   0x00000000000122dc      0x447 ./App/ap.o
 .debug_macro   0x0000000000012723      0x9fe ./App/ap.o
 .debug_macro   0x0000000000013121      0x115 ./App/ap.o
 .debug_macro   0x0000000000013236      0x11b ./App/ap.o
 .debug_macro   0x0000000000013351       0xa5 ./App/ap.o
 .debug_macro   0x00000000000133f6      0x15f ./App/ap.o
 .debug_macro   0x0000000000013555      0x287 ./App/ap.o
 .debug_macro   0x00000000000137dc       0x5f ./App/ap.o
 .debug_macro   0x000000000001383b      0x236 ./App/ap.o
 .debug_macro   0x0000000000013a71      0x132 ./App/ap.o
 .debug_macro   0x0000000000013ba3      0x264 ./App/ap.o
 .debug_macro   0x0000000000013e07       0x2e ./App/ap.o
 .debug_macro   0x0000000000013e35      0x11a ./App/ap.o
 .debug_macro   0x0000000000013f4f       0x85 ./App/ap.o
 .debug_macro   0x0000000000013fd4       0x89 ./App/ap.o
 .debug_macro   0x000000000001405d      0x8e6 ./App/ap.o
 .debug_macro   0x0000000000014943       0x47 ./App/ap.o
 .debug_macro   0x000000000001498a      0x295 ./App/ap.o
 .debug_macro   0x0000000000014c1f      0x126 ./App/ap.o
 .debug_macro   0x0000000000014d45       0x10 ./App/ap.o
 .debug_macro   0x0000000000014d55       0x46 ./App/ap.o
 .debug_macro   0x0000000000014d9b      0x323 ./App/hw/device/button.o
 .debug_macro   0x00000000000150be      0x323 ./App/hw/device/buzz.o
 .debug_macro   0x00000000000153e1      0x323 ./App/hw/device/delay.o
 .debug_macro   0x0000000000015704      0x32d ./App/hw/device/led.o
 .debug_macro   0x0000000000015a31      0x329 ./App/hw/device/stepper.o
 .debug_macro   0x0000000000015d5a       0x8e ./App/hw/device/stepper.o
 .debug_macro   0x0000000000015de8       0x51 ./App/hw/device/stepper.o
 .debug_macro   0x0000000000015e39      0x174 ./App/hw/device/stepper.o
 .debug_macro   0x0000000000015fad       0x5c ./App/hw/device/stepper.o
 .debug_macro   0x0000000000016009       0x61 ./App/hw/device/stepper.o
 .debug_macro   0x000000000001606a       0x35 ./App/hw/device/stepper.o
 .debug_macro   0x000000000001609f      0x323 ./App/hw/device/uart.o
 .debug_macro   0x00000000000163c2      0x31f ./App/hw/hw.o
 .debug_macro   0x00000000000166e1      0x32f ./Core/Src/main.o
 .debug_macro   0x0000000000016a10      0x1d8 ./Core/Src/stm32f4xx_hal_msp.o
 .debug_macro   0x0000000000016be8      0x1e2 ./Core/Src/stm32f4xx_it.o
 .debug_macro   0x0000000000016dca      0x1ce ./Core/Src/system_stm32f4xx.o
 .debug_macro   0x0000000000016f98      0x22e ./Drivers/STM32F4xx_HAL_Driver/Src/stm32f4xx_hal.o
 .debug_macro   0x00000000000171c6      0x1ce ./Drivers/STM32F4xx_HAL_Driver/Src/stm32f4xx_hal_cortex.o
 .debug_macro   0x0000000000017394      0x1d4 ./Drivers/STM32F4xx_HAL_Driver/Src/stm32f4xx_hal_dma.o
 .debug_macro   0x0000000000017568      0x1d4 ./Drivers/STM32F4xx_HAL_Driver/Src/stm32f4xx_hal_gpio.o
 .debug_macro   0x000000000001773c      0x1f2 ./Drivers/STM32F4xx_HAL_Driver/Src/stm32f4xx_hal_rcc.o
 .debug_macro   0x000000000001792e      0x1cf ./Drivers/STM32F4xx_HAL_Driver/Src/stm32f4xx_hal_tim.o
 .debug_macro   0x0000000000017afd      0x1ce ./Drivers/STM32F4xx_HAL_Driver/Src/stm32f4xx_hal_tim_ex.o
 .debug_macro   0x0000000000017ccb      0x1cf ./Drivers/STM32F4xx_HAL_Driver/Src/stm32f4xx_hal_uart.o

.debug_line     0x0000000000000000    0x1303f
 .debug_line    0x0000000000000000      0xd5c ./App/ap.o
 .debug_line    0x0000000000000d5c      0x9bc ./App/hw/device/button.o
 .debug_line    0x0000000000001718      0x9ea ./App/hw/device/buzz.o
 .debug_line    0x0000000000002102      0x992 ./App/hw/device/delay.o
 .debug_line    0x0000000000002a94      0xa21 ./App/hw/device/led.o
 .debug_line    0x00000000000034b5      0xa0d ./App/hw/device/stepper.o
 .debug_line    0x0000000000003ec2      0x9ce ./App/hw/device/uart.o
 .debug_line    0x0000000000004890      0x9ae ./App/hw/hw.o
 .debug_line    0x000000000000523e      0xb91 ./Core/Src/main.o
 .debug_line    0x0000000000005dcf      0x85f ./Core/Src/stm32f4xx_hal_msp.o
 .debug_line    0x000000000000662e      0x89b ./Core/Src/stm32f4xx_it.o
 .debug_line    0x0000000000006ec9      0x7c8 ./Core/Src/system_stm32f4xx.o
 .debug_line    0x0000000000007691       0x7a ./Core/Startup/startup_stm32f411retx.o
 .debug_line    0x000000000000770b      0xa2e ./Drivers/STM32F4xx_HAL_Driver/Src/stm32f4xx_hal.o
 .debug_line    0x0000000000008139      0xcdd ./Drivers/STM32F4xx_HAL_Driver/Src/stm32f4xx_hal_cortex.o
 .debug_line    0x0000000000008e16      0xf92 ./Drivers/STM32F4xx_HAL_Driver/Src/stm32f4xx_hal_dma.o
 .debug_line    0x0000000000009da8      0xb66 ./Drivers/STM32F4xx_HAL_Driver/Src/stm32f4xx_hal_gpio.o
 .debug_line    0x000000000000a90e      0xda7 ./Drivers/STM32F4xx_HAL_Driver/Src/stm32f4xx_hal_rcc.o
 .debug_line    0x000000000000b6b5     0x34f4 ./Drivers/STM32F4xx_HAL_Driver/Src/stm32f4xx_hal_tim.o
 .debug_line    0x000000000000eba9     0x19c6 ./Drivers/STM32F4xx_HAL_Driver/Src/stm32f4xx_hal_tim_ex.o
 .debug_line    0x000000000001056f     0x2ad0 ./Drivers/STM32F4xx_HAL_Driver/Src/stm32f4xx_hal_uart.o

.debug_str      0x0000000000000000    0x8dc8c
 .debug_str     0x0000000000000000    0x8a553 ./App/ap.o
                                      0x8a832 (size before relaxing)
 .debug_str     0x000000000008a553       0x58 ./App/hw/device/button.o
                                      0x8a31e (size before relaxing)
 .debug_str     0x000000000008a5ab      0x2dd ./App/hw/device/buzz.o
                                      0x8a81d (size before relaxing)
 .debug_str     0x000000000008a888       0x4e ./App/hw/device/delay.o
                                      0x8a7e9 (size before relaxing)
 .debug_str     0x000000000008a8d6       0x5c ./App/hw/device/led.o
                                      0x8a32f (size before relaxing)
 .debug_str     0x000000000008a932       0x4e ./App/hw/device/stepper.o
                                      0x8a315 (size before relaxing)
 .debug_str     0x000000000008a980       0x8f ./App/hw/device/uart.o
                                      0x8a74d (size before relaxing)
 .debug_str     0x000000000008aa0f       0x32 ./App/hw/hw.o
                                      0x8a28d (size before relaxing)
 .debug_str     0x000000000008aa41      0x822 ./Core/Src/main.o
                                      0x8b23d (size before relaxing)
 .debug_str     0x000000000008b263       0xe2 ./Core/Src/stm32f4xx_hal_msp.o
                                      0x87687 (size before relaxing)
 .debug_str     0x000000000008b345      0x171 ./Core/Src/stm32f4xx_it.o
                                      0x871dd (size before relaxing)
 .debug_str     0x000000000008b4b6       0xdb ./Core/Src/system_stm32f4xx.o
                                      0x86b0d (size before relaxing)
 .debug_str     0x000000000008b591       0x34 ./Core/Startup/startup_stm32f411retx.o
                                         0x58 (size before relaxing)
 .debug_str     0x000000000008b5c5      0x601 ./Drivers/STM32F4xx_HAL_Driver/Src/stm32f4xx_hal.o
                                      0x87539 (size before relaxing)
 .debug_str     0x000000000008bbc6      0x326 ./Drivers/STM32F4xx_HAL_Driver/Src/stm32f4xx_hal_cortex.o
                                      0x8725a (size before relaxing)
 .debug_str     0x000000000008beec      0x323 ./Drivers/STM32F4xx_HAL_Driver/Src/stm32f4xx_hal_dma.o
                                      0x86f15 (size before relaxing)
 .debug_str     0x000000000008c20f       0xd7 ./Drivers/STM32F4xx_HAL_Driver/Src/stm32f4xx_hal_gpio.o
                                      0x86c88 (size before relaxing)
 .debug_str     0x000000000008c2e6      0x233 ./Drivers/STM32F4xx_HAL_Driver/Src/stm32f4xx_hal_rcc.o
                                      0x86f41 (size before relaxing)
 .debug_str     0x000000000008c519      0xd4c ./Drivers/STM32F4xx_HAL_Driver/Src/stm32f4xx_hal_tim.o
                                      0x87e75 (size before relaxing)
 .debug_str     0x000000000008d265      0x493 ./Drivers/STM32F4xx_HAL_Driver/Src/stm32f4xx_hal_tim_ex.o
                                      0x87691 (size before relaxing)
 .debug_str     0x000000000008d6f8      0x594 ./Drivers/STM32F4xx_HAL_Driver/Src/stm32f4xx_hal_uart.o
                                      0x874ce (size before relaxing)

.debug_frame    0x0000000000000000     0x37b8
 .debug_frame   0x0000000000000000       0x74 ./App/ap.o
 .debug_frame   0x0000000000000074       0x5c ./App/hw/device/button.o
 .debug_frame   0x00000000000000d0       0xb8 ./App/hw/device/buzz.o
 .debug_frame   0x0000000000000188       0x34 ./App/hw/device/delay.o
 .debug_frame   0x00000000000001bc       0xa8 ./App/hw/device/led.o
 .debug_frame   0x0000000000000264       0x7c ./App/hw/device/stepper.o
 .debug_frame   0x00000000000002e0       0xc0 ./App/hw/device/uart.o
 .debug_frame   0x00000000000003a0       0x74 ./App/hw/hw.o
 .debug_frame   0x0000000000000414      0x104 ./Core/Src/main.o
 .debug_frame   0x0000000000000518      0x134 ./Core/Src/stm32f4xx_hal_msp.o
 .debug_frame   0x000000000000064c      0x1ac ./Core/Src/stm32f4xx_it.o
 .debug_frame   0x00000000000007f8       0x58 ./Core/Src/system_stm32f4xx.o
 .debug_frame   0x0000000000000850      0x374 ./Drivers/STM32F4xx_HAL_Driver/Src/stm32f4xx_hal.o
 .debug_frame   0x0000000000000bc4      0x498 ./Drivers/STM32F4xx_HAL_Driver/Src/stm32f4xx_hal_cortex.o
 .debug_frame   0x000000000000105c      0x250 ./Drivers/STM32F4xx_HAL_Driver/Src/stm32f4xx_hal_dma.o
 .debug_frame   0x00000000000012ac      0x14c ./Drivers/STM32F4xx_HAL_Driver/Src/stm32f4xx_hal_gpio.o
 .debug_frame   0x00000000000013f8      0x1f4 ./Drivers/STM32F4xx_HAL_Driver/Src/stm32f4xx_hal_rcc.o
 .debug_frame   0x00000000000015ec     0x11bc ./Drivers/STM32F4xx_HAL_Driver/Src/stm32f4xx_hal_tim.o
 .debug_frame   0x00000000000027a8      0x638 ./Drivers/STM32F4xx_HAL_Driver/Src/stm32f4xx_hal_tim_ex.o
 .debug_frame   0x0000000000002de0      0x92c ./Drivers/STM32F4xx_HAL_Driver/Src/stm32f4xx_hal_uart.o
 .debug_frame   0x000000000000370c       0x20 C:/ST/STM32CubeIDE_1.13.0/STM32CubeIDE/plugins/com.st.stm32cube.ide.mcu.externaltools.gnu-tools-for-stm32.11.3.rel1.win32_1.1.0.202305231506/tools/bin/../lib/gcc/arm-none-eabi/11.3.1/../../../../arm-none-eabi/lib/thumb/v7e-m+fp/hard\libc_nano.a(libc_a-memset.o)
 .debug_frame   0x000000000000372c       0x2c C:/ST/STM32CubeIDE_1.13.0/STM32CubeIDE/plugins/com.st.stm32cube.ide.mcu.externaltools.gnu-tools-for-stm32.11.3.rel1.win32_1.1.0.202305231506/tools/bin/../lib/gcc/arm-none-eabi/11.3.1/../../../../arm-none-eabi/lib/thumb/v7e-m+fp/hard\libc_nano.a(libc_a-init.o)
 .debug_frame   0x0000000000003758       0x2c C:/ST/STM32CubeIDE_1.13.0/STM32CubeIDE/plugins/com.st.stm32cube.ide.mcu.externaltools.gnu-tools-for-stm32.11.3.rel1.win32_1.1.0.202305231506/tools/bin/../lib/gcc/arm-none-eabi/11.3.1/thumb/v7e-m+fp/hard\libgcc.a(_aeabi_uldivmod.o)
 .debug_frame   0x0000000000003784       0x34 C:/ST/STM32CubeIDE_1.13.0/STM32CubeIDE/plugins/com.st.stm32cube.ide.mcu.externaltools.gnu-tools-for-stm32.11.3.rel1.win32_1.1.0.202305231506/tools/bin/../lib/gcc/arm-none-eabi/11.3.1/thumb/v7e-m+fp/hard\libgcc.a(_udivmoddi4.o)

.debug_line_str
                0x0000000000000000       0x4c
 .debug_line_str
                0x0000000000000000       0x4c ./Core/Startup/startup_stm32f411retx.o
                                         0x64 (size before relaxing)
